// Jest Snapshot v1, https://goo.gl/fbAQLP

exports[`DateSlider Component should shallow render without issues 1`] = `
<DateSliderComponent
  arrDates={
    Array [
      Object {
        "arrSelected": Array [
          false,
          false,
          false,
          false,
          false,
          false,
          false,
        ],
        "date": "2017-03-13T00:00:00.000Z",
        "key": "2017-03-13T00:00:00.000Z",
      },
      Object {
        "arrSelected": Array [
          false,
          false,
          false,
          false,
          false,
          false,
          false,
        ],
        "date": "2017-03-20T00:00:00.000Z",
        "key": "2017-03-20T00:00:00.000Z",
      },
      Object {
        "arrSelected": Array [
          false,
          false,
          false,
          false,
          false,
          false,
          false,
        ],
        "date": "2017-03-27T00:00:00.000Z",
        "key": "2017-03-27T00:00:00.000Z",
      },
      Object {
        "arrSelected": Array [
          false,
          false,
          false,
          false,
          false,
          false,
          false,
        ],
        "date": "2017-04-03T00:00:00.000Z",
        "key": "2017-04-03T00:00:00.000Z",
      },
      Object {
        "arrSelected": Array [
          false,
          false,
          false,
          false,
          false,
          false,
          false,
        ],
        "date": "2017-04-10T00:00:00.000Z",
        "key": "2017-04-10T00:00:00.000Z",
      },
      Object {
        "arrSelected": Array [
          false,
          false,
          false,
          false,
          false,
          false,
          false,
        ],
        "date": "2017-04-17T00:00:00.000Z",
        "key": "2017-04-17T00:00:00.000Z",
      },
      Object {
        "arrSelected": Array [
          false,
          false,
          false,
          false,
          false,
          false,
          false,
        ],
        "date": "2017-04-24T00:00:00.000Z",
        "key": "2017-04-24T00:00:00.000Z",
      },
      Object {
        "arrSelected": Array [
          false,
          false,
          false,
          false,
          false,
          false,
          false,
        ],
        "date": "2017-05-01T00:00:00.000Z",
        "key": "2017-05-01T00:00:00.000Z",
      },
      Object {
        "arrSelected": Array [
          false,
          false,
          false,
          true,
          false,
          false,
          false,
        ],
        "date": "2017-05-08T00:00:00.000Z",
        "key": "2017-05-08T00:00:00.000Z",
      },
      Object {
        "arrSelected": Array [
          false,
          false,
          false,
          false,
          false,
          false,
          false,
        ],
        "date": "2017-05-15T00:00:00.000Z",
        "key": "2017-05-15T00:00:00.000Z",
      },
      Object {
        "arrSelected": Array [
          false,
          false,
          false,
          false,
          false,
          false,
          false,
        ],
        "date": "2017-05-22T00:00:00.000Z",
        "key": "2017-05-22T00:00:00.000Z",
      },
      Object {
        "arrSelected": Array [
          false,
          false,
          false,
          false,
          false,
          false,
          false,
        ],
        "date": "2017-05-29T00:00:00.000Z",
        "key": "2017-05-29T00:00:00.000Z",
      },
      Object {
        "arrSelected": Array [
          false,
          false,
          false,
          false,
          false,
          false,
          false,
        ],
        "date": "2017-06-05T00:00:00.000Z",
        "key": "2017-06-05T00:00:00.000Z",
      },
      Object {
        "arrSelected": Array [
          false,
          false,
          false,
          false,
          false,
          false,
          false,
        ],
        "date": "2017-06-12T00:00:00.000Z",
        "key": "2017-06-12T00:00:00.000Z",
      },
      Object {
        "arrSelected": Array [
          false,
          false,
          false,
          false,
          false,
          false,
          false,
        ],
        "date": "2017-06-19T00:00:00.000Z",
        "key": "2017-06-19T00:00:00.000Z",
      },
      Object {
        "arrSelected": Array [
          false,
          false,
          false,
          false,
          false,
          false,
          false,
        ],
        "date": "2017-06-26T00:00:00.000Z",
        "key": "2017-06-26T00:00:00.000Z",
      },
      Object {
        "arrSelected": Array [
          false,
          false,
          false,
          false,
          false,
          false,
          false,
        ],
        "date": "2017-07-03T00:00:00.000Z",
        "key": "2017-07-03T00:00:00.000Z",
      },
    ]
  }
  captureFlatListRef={[Function]}
  getItemLayout={[Function]}
  onDateSelected={[Function]}
  onEndReached={[Function]}
  onEndReachedThreshold={4}
  onLayout={[Function]}
  onViewableItemsChanged={[Function]}
  viewWidth={750}
/>
`;
